==================== Before Start ====================
invoke redirectStdio
invoke setLogPipeReady
Log pipe ready.
invoke setFCLNativeWindow
invoke setEventPipe
==================== Start Minecraft ====================
Renderer: FluorateGL
Device: Oneplus PLY110 PLY110
Architecture: arm64
CPU: SM7635
Android SDK: 36
Language: zh_CN
FCL Version Code: 1318
==================== Mods ====================

==================== Env Map ====================
Env: PATH=/data/user/0/com.tungsten.fcl/app_runtime/java/jre21/bin:/product/bin:/apex/com.android.runtime/bin:/apex/com.android.art/bin:/apex/com.android.virt/bin:/system_ext/bin:/system/bin:/system/xbin:/odm/bin:/vendor/bin:/vendor/xbin
Env: FCL_VERSION_CODE=1318
Env: POJAV_RENDERER=opengles3
Env: POJAV_NATIVEDIR=/data/app/~~x_j5flmUtDs1badK5GgNuQ==/com.tungsten.fcl-Cwrmm2i08nTzC3lc52t1Rw==/lib/arm64
Env: FORCE_VSYNC=false
Env: JAVA_HOME=/data/user/0/com.tungsten.fcl/app_runtime/java/jre21
Env: MOD_ANDROID_RUNTIME=/data/user/0/com.tungsten.fcl/app_runtime_mod
Env: MOBILEGL_USE_ANGLE=0
Env: VULKAN_DRIVER_SYSTEM=1
Env: MOBILEGL_BACKEND_TYPE=DirectVulkan
Env: POJAVEXEC_EGL=libfluorategl.so
Env: TMPDIR=/data/user/0/com.tungsten.fcl/cache
Env: LIBGL_ES=3
Env: LIBGL_EGL=libfluorategl.so
Env: FCL_NATIVEDIR=/data/app/~~x_j5flmUtDs1badK5GgNuQ==/com.tungsten.fcl-Cwrmm2i08nTzC3lc52t1Rw==/lib/arm64
Env: DRIVER_PATH=/data/app/~~x_j5flmUtDs1badK5GgNuQ==/com.tungsten.fcl-Cwrmm2i08nTzC3lc52t1Rw==/lib/arm64
Env: LD_LIBRARY_PATH=/data/user/0/com.tungsten.fcl/app_runtime/jna:/data/app/~~t20UhUNXVAVcykf1BCRuFA==/com.fcl.plugin.fluorategl-E-waEUzWsccay7N4gx7JiA==/lib/arm64:/data/user/0/com.tungsten.fcl/app_runtime_mod:/data/app/~~x_j5flmUtDs1badK5GgNuQ==/com.tungsten.fcl-Cwrmm2i08nTzC3lc52t1Rw==/lib/arm64:/system/lib64:/vendor/lib64:/vendor/lib64/hw:/system_ext/lib64
Env: FLUORATEGL_BACKEND=system
Env: HOME=/storage/emulated/0/FCL/log
Env: FLUORATEGL_LOG=info
==================== DLOPEN ====================
DLOPEN: loading /data/user/0/com.tungsten.fcl/app_runtime/java/jre21/lib/libjli.so
DLOPEN: loading /data/user/0/com.tungsten.fcl/app_runtime/java/jre21/lib/server/libjvm.so
DLOPEN: loading /data/user/0/com.tungsten.fcl/app_runtime/java/jre21/lib/libfreetype.so
DLOPEN: loading /data/user/0/com.tungsten.fcl/app_runtime/java/jre21/lib/libverify.so
DLOPEN: loading /data/user/0/com.tungsten.fcl/app_runtime/java/jre21/lib/libjava.so
DLOPEN: loading /data/user/0/com.tungsten.fcl/app_runtime/java/jre21/lib/libnet.so
DLOPEN: loading /data/user/0/com.tungsten.fcl/app_runtime/java/jre21/lib/libnio.so
DLOPEN: loading /data/user/0/com.tungsten.fcl/app_runtime/java/jre21/lib/libawt.so
DLOPEN: loading /data/user/0/com.tungsten.fcl/app_runtime/java/jre21/lib/libawt_headless.so
DLOPEN: loading /data/user/0/com.tungsten.fcl/app_runtime/java/jre21/lib/libfontmanager.so
DLOPEN: loading /data/user/0/com.tungsten.fcl/app_runtime/java/jre21/lib/libsctp.so
DLOPEN: loading /data/user/0/com.tungsten.fcl/app_runtime/java/jre21/lib/libnet.so
DLOPEN: loading /data/user/0/com.tungsten.fcl/app_runtime/java/jre21/lib/libextnet.so
DLOPEN: loading /data/user/0/com.tungsten.fcl/app_runtime/java/jre21/lib/libfreetype.so
DLOPEN: loading /data/user/0/com.tungsten.fcl/app_runtime/java/jre21/lib/libverify.so
DLOPEN: loading /data/user/0/com.tungsten.fcl/app_runtime/java/jre21/lib/libsyslookup.so
DLOPEN: loading /data/user/0/com.tungsten.fcl/app_runtime/java/jre21/lib/libjli.so
DLOPEN: loading /data/user/0/com.tungsten.fcl/app_runtime/java/jre21/lib/libjdwp.so
DLOPEN: loading /data/user/0/com.tungsten.fcl/app_runtime/java/jre21/lib/libzip.so
DLOPEN: loading /data/user/0/com.tungsten.fcl/app_runtime/java/jre21/lib/libawt.so
DLOPEN: loading /data/user/0/com.tungsten.fcl/app_runtime/java/jre21/lib/libjaas.so
DLOPEN: loading /data/user/0/com.tungsten.fcl/app_runtime/java/jre21/lib/libmanagement_agent.so
DLOPEN: loading /data/user/0/com.tungsten.fcl/app_runtime/java/jre21/lib/libjimage.so
DLOPEN: loading /data/user/0/com.tungsten.fcl/app_runtime/java/jre21/lib/liblcms.so
DLOPEN: loading /data/user/0/com.tungsten.fcl/app_runtime/java/jre21/lib/libnio.so
DLOPEN: loading /data/user/0/com.tungsten.fcl/app_runtime/java/jre21/lib/libawt_headless.so
DLOPEN: loading /data/user/0/com.tungsten.fcl/app_runtime/java/jre21/lib/libmanagement_ext.so
DLOPEN: loading /data/user/0/com.tungsten.fcl/app_runtime/java/jre21/lib/librmi.so
DLOPEN: loading /data/user/0/com.tungsten.fcl/app_runtime/java/jre21/lib/libjawt.so
DLOPEN: loading /data/user/0/com.tungsten.fcl/app_runtime/java/jre21/lib/libmlib_image.so
DLOPEN: loading /data/user/0/com.tungsten.fcl/app_runtime/java/jre21/lib/libmanagement.so
DLOPEN: loading /data/user/0/com.tungsten.fcl/app_runtime/java/jre21/lib/libjavajpeg.so
DLOPEN: loading /data/user/0/com.tungsten.fcl/app_runtime/java/jre21/lib/libj2pkcs11.so
DLOPEN: loading /data/user/0/com.tungsten.fcl/app_runtime/java/jre21/lib/libfontmanager.so
DLOPEN: loading /data/user/0/com.tungsten.fcl/app_runtime/java/jre21/lib/libprefs.so
DLOPEN: loading /data/user/0/com.tungsten.fcl/app_runtime/java/jre21/lib/libdt_socket.so
DLOPEN: loading /data/user/0/com.tungsten.fcl/app_runtime/java/jre21/lib/libinstrument.so
DLOPEN: loading /data/user/0/com.tungsten.fcl/app_runtime/java/jre21/lib/libj2gss.so
DLOPEN: loading /data/user/0/com.tungsten.fcl/app_runtime/java/jre21/lib/libjsig.so
DLOPEN: loading /data/user/0/com.tungsten.fcl/app_runtime/java/jre21/lib/libjava.so
DLOPEN: loading /data/user/0/com.tungsten.fcl/app_runtime/java/jre21/lib/server/libjvm.so
DLOPEN: loading /data/user/0/com.tungsten.fcl/app_runtime/java/jre21/lib/server/libjsig.so
DLOPEN: loading /data/user/0/com.tungsten.fcl/app_runtime/java/jre21/lib/libawt_xawt.so
DLOPEN: loading /data/app/~~x_j5flmUtDs1badK5GgNuQ==/com.tungsten.fcl-Cwrmm2i08nTzC3lc52t1Rw==/lib/arm64/libopenal.so
[INFO] [FluorateGL] v0.2.0 Initializing...
[INFO] [FluorateGL] Backend: System, LogLevel: Info
[INFO] [FluorateGL] Captured self handle 0x30d78e59137eb5b3 from "/data/app/~~t20UhUNXVAVcykf1BCRuFA==/com.fcl.plugin.fluorategl-E-waEUzWsccay7N4gx7JiA==/lib/arm64/libfluorategl.so"
[WARN] [GlesDispatch] warning: optional function not available: glGetBufferSubData
[WARN] [GlesDispatch] warning: optional function not available: glVertexAttribI1i
[WARN] [GlesDispatch] warning: optional function not available: glVertexAttribI2i
[WARN] [GlesDispatch] warning: optional function not available: glVertexAttribI3i
[WARN] [GlesDispatch] warning: optional function not available: glVertexAttribI1ui
[WARN] [GlesDispatch] warning: optional function not available: glVertexAttribI2ui
[WARN] [GlesDispatch] warning: optional function not available: glVertexAttribI3ui
[WARN] [GlesDispatch] warning: optional function not available: glVertexAttribI1iv
[WARN] [GlesDispatch] warning: optional function not available: glVertexAttribI2iv
[WARN] [GlesDispatch] warning: optional function not available: glVertexAttribI3iv
[WARN] [GlesDispatch] warning: optional function not available: glVertexAttribI1uiv
[WARN] [GlesDispatch] warning: optional function not available: glVertexAttribI2uiv
[WARN] [GlesDispatch] warning: optional function not available: glVertexAttribI3uiv
[WARN] [GlesDispatch] warning: optional function not available: glPrimitiveRestartIndex
[WARN] [GlesDispatch] warning: optional function not available: glGetTexImage
[WARN] [GlesDispatch] warning: optional function not available: glPolygonMode
[WARN] [GlesDispatch] warning: optional function not available: glPixelStoref
[WARN] [GlesDispatch] warning: optional function not available: glScissorIndexed
[WARN] [GlesDispatch] warning: optional function not available: glViewportIndexedf
[WARN] [GlesDispatch] warning: optional function not available: glMultiDrawArrays
[WARN] [GlesDispatch] warning: optional function not available: glMultiDrawElements
[WARN] [GlesDispatch] warning: optional function not available: glGetQueryObjectiv
[WARN] [GlesDispatch] warning: optional function not available: glGetDoublev
[WARN] [GlesDispatch] warning: optional function not available: glGetFloati_v
[WARN] [GlesDispatch] warning: optional function not available: glGetDoublei_v
[INFO] [FluorateGL] GLES library loaded
[INFO] [FluorateGL] EGL library loaded
[INFO] [FluorateGL] GLES version: (null)
[INFO] [FluorateGL] GPU: (null)
[INFO] [FluorateGL] Vendor: (null)
[INFO] [FluorateGL] v0.2.0 Initialized successfully
Working directory: /storage/emulated/0/FCL/.minecraft/versions/1.21.1
DLOPEN: loading /data/app/~~t20UhUNXVAVcykf1BCRuFA==/com.fcl.plugin.fluorategl-E-waEUzWsccay7N4gx7JiA==/lib/arm64/libfluorategl.so
==================== Minecraft Arguments ====================
Java argument: /data/user/0/com.tungsten.fcl/app_runtime/java/jre21/bin/java
Java argument: -Djava.awt.headless=false
Java argument: -Dcacio.managed.screensize=2772x1272
Java argument: -Dcacio.font.fontmanager=sun.awt.X11FontManager
Java argument: -Dcacio.font.fontscaler=sun.font.FreetypeFontScaler
Java argument: -Dswing.defaultlaf=javax.swing.plaf.nimbus.NimbusLookAndFeel
Java argument: -Dawt.toolkit=com.github.caciocavallosilano.cacio.ctc.CTCToolkit
Java argument: -Djava.awt.graphicsenv=com.github.caciocavallosilano.cacio.ctc.CTCGraphicsEnvironment
Java argument: -javaagent:/data/user/0/com.tungsten.fcl/app_runtime/caciocavallo17/cacio-agent.jar
Java argument: --add-exports=java.desktop/java.awt=ALL-UNNAMED
Java argument: --add-exports=java.desktop/java.awt.peer=ALL-UNNAMED
Java argument: --add-exports=java.desktop/sun.awt.image=ALL-UNNAMED
Java argument: --add-exports=java.desktop/sun.java2d=ALL-UNNAMED
Java argument: --add-exports=java.desktop/java.awt.dnd.peer=ALL-UNNAMED
Java argument: --add-exports=java.desktop/sun.awt=ALL-UNNAMED
Java argument: --add-exports=java.desktop/sun.awt.event=ALL-UNNAMED
Java argument: --add-exports=java.desktop/sun.awt.datatransfer=ALL-UNNAMED
Java argument: --add-exports=java.desktop/sun.font=ALL-UNNAMED
Java argument: --add-exports=java.base/sun.security.action=ALL-UNNAMED
Java argument: --add-opens=java.base/java.util=ALL-UNNAMED
Java argument: --add-opens=java.desktop/java.awt=ALL-UNNAMED
Java argument: --add-opens=java.desktop/sun.font=ALL-UNNAMED
Java argument: --add-opens=java.desktop/sun.java2d=ALL-UNNAMED
Java argument: --add-opens=java.base/java.lang.reflect=ALL-UNNAMED
Java argument: --add-opens=java.base/java.net=ALL-UNNAMED
Java argument: -Xbootclasspath/a:/data/user/0/com.tungsten.fcl/app_runtime/caciocavallo17/cacio-agent.jar:/data/user/0/com.tungsten.fcl/app_runtime/caciocavallo17/cacio-shared-1.19.1-SNAPSHOT.jar:/data/user/0/com.tungsten.fcl/app_runtime/caciocavallo17/cacio-tta-1.19.1-SNAPSHOT.jar
Java argument: -Xmx3000m
Java argument: -Xms2048m
Java argument: -Dfile.encoding=UTF-8
Java argument: -Dstdout.encoding=UTF-8
Java argument: -Dstderr.encoding=UTF-8
Java argument: -Djava.rmi.server.useCodebaseOnly=true
Java argument: -Dcom.sun.jndi.rmi.object.trustURLCodebase=false
Java argument: -Dcom.sun.jndi.cosnaming.object.trustURLCodebase=false
Java argument: -Dlog4j2.formatMsgNoLookups=true
Java argument: -Dlog4j.configurationFile=/storage/emulated/0/FCL/.minecraft/versions/1.21.1/log4j2.xml
Java argument: -Dminecraft.client.jar=/storage/emulated/0/FCL/.minecraft/versions/1.21.1/1.21.1.jar
Java argument: -XX:ActiveProcessorCount=8
Java argument: -Dfml.ignoreInvalidMinecraftCertificates=true
Java argument: -Dfml.ignorePatchDiscrepancies=true
Java argument: -Dext.net.resolvPath=/data/user/0/com.tungsten.fcl/app_runtime/java/resolv.conf
Java argument: -Djava.io.tmpdir=/data/user/0/com.tungsten.fcl/cache/fclauncher
Java argument: -Dos.name=Linux
Java argument: -Dos.version=Android-16
Java argument: -Dorg.lwjgl.opengl.libname=/data/app/~~t20UhUNXVAVcykf1BCRuFA==/com.fcl.plugin.fluorategl-E-waEUzWsccay7N4gx7JiA==/lib/arm64/libfluorategl.so
Java argument: -Dorg.lwjgl.freetype.libname=/data/app/~~x_j5flmUtDs1badK5GgNuQ==/com.tungsten.fcl-Cwrmm2i08nTzC3lc52t1Rw==/lib/arm64/libfreetype.so
Java argument: -Dfml.earlyprogresswindow=false
Java argument: -Dglfwstub.windowWidth=2772
Java argument: -Dglfwstub.windowHeight=1272
Java argument: -Dglfwstub.initEgl=false
Java argument: -Dloader.disable_forked_guis=true
Java argument: -Duser.home=/storage/emulated/0/FCL/.minecraft
Java argument: -Duser.language=zh
Java argument: -Duser.country=CN
Java argument: -Duser.timezone=Asia/Shanghai
Java argument: -Dorg.lwjgl.vulkan.libname=libvulkan.so
Java argument: -Dorg.lwjgl.spvc.libname=spirv-cross-c-shared
Java argument: -Dsodium.checks.issue2561=false
Java argument: -Djdk.lang.Process.launchMechanism=FORK
Java argument: -Dcpu.name=SM7635
Java argument: -Djna.boot.library.path=/data/user/0/com.tungsten.fcl/app_runtime/jna/5.14.0
Java argument: -javaagent:/data/user/0/com.tungsten.fcl/files/plugins/MioLibPatcher.jar
Java argument: -Djava.library.path=/data/user/0/com.tungsten.fcl/app_runtime/java/jre21/lib:/data/user/0/com.tungsten.fcl/app_runtime/java/jre21/lib/jli:/data/user/0/com.tungsten.fcl/app_runtime/java/jre21/lib/server:/data/user/0/com.tungsten.fcl/app_runtime/jna:/data/app/~~t20UhUNXVAVcykf1BCRuFA==/com.fcl.plugin.fluorategl-E-waEUzWsccay7N4gx7JiA==/lib/arm64:/data/user/0/com.tungsten.fcl/app_runtime_mod:/data/app/~~x_j5flmUtDs1badK5GgNuQ==/com.tungsten.fcl-Cwrmm2i08nTzC3lc52t1Rw==/lib/arm64:/system/lib64:/vendor/lib64:/vendor/lib64/hw:/system_ext/lib64
Java argument: -Djna.tmpdir=/data/user/0/com.tungsten.fcl/cache/fclauncher
Java argument: -Dorg.lwjgl.system.SharedLibraryExtractPath=/data/user/0/com.tungsten.fcl/cache/fclauncher
Java argument: -Dio.netty.native.workdir=/data/user/0/com.tungsten.fcl/cache/fclauncher
Java argument: -Dminecraft.launcher.brand=Fold Craft Launcher
Java argument: -Dminecraft.launcher.version=1.3.1.8
Java argument: -cp
Java argument: /data/user/0/com.tungsten.fcl/app_runtime/lwjgl/lwjgl.jar:/storage/emulated/0/FCL/.minecraft/libraries/com/github/oshi/oshi-core/6.4.10/oshi-core-6.4.10.jar:/storage/emulated/0/FCL/.minecraft/libraries/com/google/code/gson/gson/2.10.1/gson-2.10.1.jar:/storage/emulated/0/FCL/.minecraft/libraries/com/google/guava/failureaccess/1.0.1/failureaccess-1.0.1.jar:/storage/emulated/0/FCL/.minecraft/libraries/com/google/guava/guava/32.1.2-jre/guava-32.1.2-jre.jar:/storage/emulated/0/FCL/.minecraft/libraries/com/ibm/icu/icu4j/73.2/icu4j-73.2.jar:/storage/emulated/0/FCL/.minecraft/libraries/com/mojang/authlib/6.0.54/authlib-6.0.54.jar:/storage/emulated/0/FCL/.minecraft/libraries/com/mojang/blocklist/1.0.10/blocklist-1.0.10.jar:/storage/emulated/0/FCL/.minecraft/libraries/com/mojang/brigadier/1.3.10/brigadier-1.3.10.jar:/storage/emulated/0/FCL/.minecraft/libraries/com/mojang/datafixerupper/8.0.16/datafixerupper-8.0.16.jar:/storage/emulated/0/FCL/.minecraft/libraries/com/mojang/logging/1.2.7/logging-1.2.7.jar:/storage/emulated/0/FCL/.minecraft/libraries/com/mojang/patchy/2.2.10/patchy-2.2.10.jar:/storage/emulated/0/FCL/.minecraft/libraries/com/mojang/text2speech/1.17.9/text2speech-1.17.9.jar:/storage/emulated/0/FCL/.minecraft/libraries/commons-codec/commons-codec/1.16.0/commons-codec-1.16.0.jar:/storage/emulated/0/FCL/.minecraft/libraries/commons-io/commons-io/2.15.1/commons-io-2.15.1.jar:/storage/emulated/0/FCL/.minecraft/libraries/commons-logging/commons-logging/1.2/commons-logging-1.2.jar:/storage/emulated/0/FCL/.minecraft/libraries/io/netty/netty-buffer/4.1.97.Final/netty-buffer-4.1.97.Final.jar:/storage/emulated/0/FCL/.minecraft/libraries/io/netty/netty-codec/4.1.97.Final/netty-codec-4.1.97.Final.jar:/storage/emulated/0/FCL/.minecraft/libraries/io/netty/netty-common/4.1.97.Final/netty-common-4.1.97.Final.jar:/storage/emulated/0/FCL/.minecraft/libraries/io/netty/netty-handler/4.1.97.Final/netty-handler-4.1.97.Final.jar:/storage/emulated/0/FCL/.minecraft/libraries/io/netty/netty-resolver/4.1.97.Final/netty-resolver-4.1.97.Final.jar:/storage/emulated/0/FCL/.minecraft/libraries/io/netty/netty-transport-classes-epoll/4.1.97.Final/netty-transport-classes-epoll-4.1.97.Final.jar:/storage/emulated/0/FCL/.minecraft/libraries/io/netty/netty-transport-native-unix-common/4.1.97.Final/netty-transport-native-unix-common-4.1.97.Final.jar:/storage/emulated/0/FCL/.minecraft/libraries/io/netty/netty-transport/4.1.97.Final/netty-transport-4.1.97.Final.jar:/storage/emulated/0/FCL/.minecraft/libraries/it/unimi/dsi/fastutil/8.5.12/fastutil-8.5.12.jar:/storage/emulated/0/FCL/.minecraft/libraries/net/java/dev/jna/jna-platform/5.14.0/jna-platform-5.14.0.jar:/storage/emulated/0/FCL/.minecraft/libraries/net/java/dev/jna/jna/5.14.0/jna-5.14.0.jar:/storage/emulated/0/FCL/.minecraft/libraries/net/sf/jopt-simple/jopt-simple/5.0.4/jopt-simple-5.0.4.jar:/storage/emulated/0/FCL/.minecraft/libraries/org/apache/commons/commons-compress/1.26.0/commons-compress-1.26.0.jar:/storage/emulated/0/FCL/.minecraft/libraries/org/apache/commons/commons-lang3/3.14.0/commons-lang3-3.14.0.jar:/storage/emulated/0/FCL/.minecraft/libraries/org/apache/httpcomponents/httpclient/4.5.13/httpclient-4.5.13.jar:/storage/emulated/0/FCL/.minecraft/libraries/org/apache/httpcomponents/httpcore/4.4.16/httpcore-4.4.16.jar:/storage/emulated/0/FCL/.minecraft/libraries/org/apache/logging/log4j/log4j-api/2.22.1/log4j-api-2.22.1.jar:/storage/emulated/0/FCL/.minecraft/libraries/org/apache/logging/log4j/log4j-core/2.22.1/log4j-core-2.22.1.jar:/storage/emulated/0/FCL/.minecraft/libraries/org/apache/logging/log4j/log4j-slf4j2-impl/2.22.1/log4j-slf4j2-impl-2.22.1.jar:/storage/emulated/0/FCL/.minecraft/libraries/org/jcraft/jorbis/0.0.17/jorbis-0.0.17.jar:/storage/emulated/0/FCL/.minecraft/libraries/org/joml/joml/1.10.5/joml-1.10.5.jar:/storage/emulated/0/FCL/.minecraft/libraries/org/lz4/lz4-java/1.8.0/lz4-java-1.8.0.jar:/storage/emulated/0/FCL/.minecraft/libraries/org/slf4j/slf4j-api/2.0.9/slf4j-api-2.0.9.jar:/data/user/0/com.tungsten.fcl/files/plugins/MioLaunchWrapper.jar:/storage/emulated/0/FCL/.minecraft/versions/1.21.1/1.21.1.jar
Java argument: --add-exports
Java argument: net.minecraft.client.main/net.minecraft.client.main=ALL-UNNAMED
MainClass: mio.Wrapper
MainClass: net.minecraft.client.main.Main
Minecraft argument: --username
Minecraft argument: fei
Minecraft argument: --version
Minecraft argument: 1.21.1
Minecraft argument: --gameDir
Minecraft argument: /storage/emulated/0/FCL/.minecraft/versions/1.21.1
Minecraft argument: --assetsDir
Minecraft argument: /storage/emulated/0/FCL/.minecraft/assets
Minecraft argument: --assetIndex
Minecraft argument: 17
Minecraft argument: --uuid
Minecraft argument: 8ac0a1f56ec636199e38da3499915b28
Minecraft argument: --accessToken
Minecraft argument: ***
Minecraft argument: --clientId
Minecraft argument: ${clientid}
Minecraft argument: --xuid
Minecraft argument: ${auth_xuid}
Minecraft argument: --userType
Minecraft argument: msa
Minecraft argument: --versionType
Minecraft argument: Fold Craft Launcher
Minecraft argument: --width
Minecraft argument: 2772
Minecraft argument: --height
Minecraft argument: 1272
Hook success
Done processing args
[FCL Internal] /home/runner/work/FoldCraftLauncher/FoldCraftLauncher/FCLauncher/src/main/jni/jre_launcher.c:146
Found JLI lib
[FCL Internal] /home/runner/work/FoldCraftLauncher/FoldCraftLauncher/FCLauncher/src/main/jni/jre_launcher.c:158
Calling JLI_Launch
WARNING: Unknown module: net.minecraft.client.main specified to --add-exports
[MioLibPatcher/INFO]: MioPatcher is running!
[MioLibPatcher/INFO]: Patch target class: oshi/hardware/CentralProcessor$ProcessorIdentifier
[14:51:20] [main/WARN]: Did not find udev library in operating system. Some features may not work.
[14:51:20] [main/WARN]: File not found or not readable: /proc/stat
[14:51:20] [Datafixer Bootstrap/INFO]: 226 Datafixer optimizations took 1242 milliseconds
[14:51:31] [Render thread/INFO]: [STDOUT]: [MioLibPatcher/INFO]: Patch target class: org/lwjgl/system/Library
[LWJGL] Failed to load a library. Possible solutions:
	a) Add the directory that contains the shared library to -Djava.library.path or -Dorg.lwjgl.librarypath.
	b) Add the JAR that contains the shared library to the classpath.
[LWJGL] Enable debug mode with -Dorg.lwjgl.util.Debug=true for better diagnostics.
[LWJGL] Enable the SharedLibraryLoader debug mode with -Dorg.lwjgl.util.DebugLoader=true for better diagnostics.
[14:51:32] [Render thread/INFO]: Environment: Environment[sessionHost=https://sessionserver.mojang.com, servicesHost=https://api.minecraftservices.com, name=PROD]
[14:51:32] [Render thread/INFO]: Setting user: fei
Registered forkAndExec
LwjglLinkerHook:Installing LWJGL dlopen() hook
[14:51:32] [Render thread/INFO]: Backend library: LWJGL version 3.3.6-snapshot
EGLBridge: Binding to OpenGL ES
[INFO] [FluorateGL] === 首次 GL 调用，游戏渲染管线已启动 ===
[INFO] [FluorateGL] 已屏蔽 GLES Debug PERFORMANCE/OTHER 消息
[INFO] [FluorateGL] === 首次 EGL 调用 ===
[14:51:33] [Render thread/INFO]: Failed to determine maximum texture size by probing, trying GL_MAX_TEXTURE_SIZE = 16384
[14:51:34] [Download-2/ERROR]: Failed to fetch user properties
com.mojang.authlib.exceptions.InvalidCredentialsException: Status: 401
	at com.mojang.authlib.exceptions.MinecraftClientHttpException.toAuthenticationException(MinecraftClientHttpException.java:59) ~[authlib-6.0.54.jar:?]
	at com.mojang.authlib.yggdrasil.YggdrasilUserApiService.fetchProperties(YggdrasilUserApiService.java:150) ~[authlib-6.0.54.jar:?]
	at fgo.bK(SourceFile:458) ~[1.21.1.jar:?]
	at java.base/java.util.concurrent.CompletableFuture$AsyncSupply.run(Unknown Source) ~[?:?]
	at java.base/java.util.concurrent.ThreadPoolExecutor.runWorker(Unknown Source) ~[?:?]
	at java.base/java.util.concurrent.ThreadPoolExecutor$Worker.run(Unknown Source) ~[?:?]
	at java.base/java.lang.Thread.run(Unknown Source) [?:?]
Caused by: com.mojang.authlib.exceptions.MinecraftClientHttpException: Status: 401
	at com.mojang.authlib.minecraft.client.MinecraftClient.readInputStream(MinecraftClient.java:100) ~[authlib-6.0.54.jar:?]
	at com.mojang.authlib.minecraft.client.MinecraftClient.get(MinecraftClient.java:57) ~[authlib-6.0.54.jar:?]
	at com.mojang.authlib.yggdrasil.YggdrasilUserApiService.fetchProperties(YggdrasilUserApiService.java:121) ~[authlib-6.0.54.jar:?]
	... 5 more
[INFO] [FluorateGL] State initialized on thread None (tid=0)
[WARN] [FluorateGL] glGetError() -> 0x0500 (GL error)
[14:51:34] [Render thread/INFO]: OpenGL debug message: id=2147483647, source=API, type=ERROR, severity=HIGH, message='pixel buffer format is not compatible with level format'
[WARN] [FluorateGL] glGetError() -> 0x0502 (GL error)
[14:51:34] [Render thread/INFO]: OpenGL debug message: id=2147483647, source=API, type=ERROR, severity=HIGH, message='pname 34049 is not supported for this API call'
[14:51:35] [Render thread/INFO]: OpenGL debug message: id=2147483647, source=API, type=ERROR, severity=HIGH, message='pname 34049 is not supported for this API call'
[14:51:35] [Render thread/INFO]: OpenGL debug message: id=2147483647, source=API, type=ERROR, severity=HIGH, message='pname 34049 is not supported for this API call'
[14:51:35] [Render thread/INFO]: OpenGL debug message: id=2147483647, source=API, type=ERROR, severity=HIGH, message='pixel buffer format is not compatible with level format'
[ERROR] [ShaderTranslator] shaderc compile failed: compilation error:
shader_0000.glsl: error: #version: Desktop shaders for OpenGL SPIR-V require version 330 or higher

[WARN] [ShaderTranslator] SPIR-V pipeline failed for shader 1; passing original source (203 chars)
 packages: 1
	Number of physical CPUs: 4
	Number of logical CPUs: 8
	Graphics card #0 name: unknown
	Graphics card #0 vendor: unknown
	Graphics card #0 VRAM (MiB): 0.00
	Graphics card #0 deviceId: unknown
	Graphics card #0 versionInfo: unknown
	Virtual memory max (MiB): 17971.14
	Virtual memory used (MiB): 12563.95
	Swap memory total (MiB): 12288.00
	Swap memory used (MiB): 4858.62
	Space in storage for jna.tmpdir (MiB): available: 30488.59, total: 223839.06
	Space in storage for org.lwjgl.system.SharedLibraryExtractPath (MiB): available: 30488.59, total: 223839.06
	Space in storage for io.netty.native.workdir (MiB): available: 30488.59, total: 223839.06
	Space in storage for java.io.tmpdir (MiB): available: 30488.59, total: 223839.06
	Space in storage for workdir (MiB): available: 30488.59, total: 223839.06
	JVM Flags: 4 total; -Xbootclasspath/a:/data/user/0/com.tungsten.fcl/app_runtime/caciocavallo17/cacio-agent.jar:/data/user/0/com.tungsten.fcl/app_runtime/caciocavallo17/cacio-shared-1.19.1-SNAPSHOT.jar:/data/user/0/com.tungsten.fcl/app_runtime/caciocavallo17/cacio-tta-1.19.1-SNAPSHOT.jar -Xmx3000m -Xms2048m -XX:ActiveProcessorCount=8
	Launched Version: 1.21.1
	Launcher name: Fold Craft Launcher
	Backend library: LWJGL version 3.3.6-snapshot
	Backend API: Adreno (TM) 810 GL version 3.2.0 FluorateGL, Qualcomm
	Window size: <not initialized>
	GFLW Platform: x11
	GL Caps: Using framebuffer using OpenGL 3.2
	GL debug messages: id=2147483647, source=API, type=ERROR, severity=HIGH, message='pixel buffer format is not compatible with level format' x 1
id=2147483647, source=API, type=ERROR, severity=HIGH, message='pname 34049 is not supported for this API call' x 3
id=2147483647, source=API, type=ERROR, severity=HIGH, message='pixel buffer format is not compatible with level format' x 1
	Is Modded: Probably not. Client jar signature and brand is untouched
	Universe: 404
	Type: Client (map_client.txt)
	Locale: zh_CN
	System encoding: UTF-8
	File encoding: UTF-8
	CPU: 8x SM7635
#@!@# Game crashed! Crash report saved to: #@!@# /storage/emulated/0/FCL/.minecraft/versions/1.21.1/crash-reports/crash-2026-07-21_14.51.36-client.txt

OpenJDK exited with code : -1
